// Jest Snapshot v1, https://goo.gl/fbAQLP

exports[`comparison of prints SignInForm 1`] = `
<form
  className="ant-form ant-form-horizontal"
  id="signup"
  onReset={[Function]}
  onSubmit={[Function]}
>
  <div
    className="ant-row ant-form-item"
    style={Object {}}
  >
    <div
      className="ant-col ant-form-item-control"
      style={Object {}}
    >
      <div
        className="ant-form-item-control-input"
      >
        <div
          className="ant-form-item-control-input-content"
        >
          <span
            className="ant-input-affix-wrapper"
            onMouseUp={[Function]}
          >
            <span
              className="ant-input-prefix"
            >
              <span
                aria-label="user"
                className="anticon anticon-user"
                role="img"
              >
                <svg
                  aria-hidden="true"
                  data-icon="user"
                  fill="currentColor"
                  focusable="false"
                  height="1em"
                  viewBox="64 64 896 896"
                  width="1em"
                >
                  <path
                    d="M858.5 763.6a374 374 0 00-80.6-119.5 375.63 375.63 0 00-119.5-80.6c-.4-.2-.8-.3-1.2-.5C719.5 518 760 444.7 760 362c0-137-111-248-248-248S264 225 264 362c0 82.7 40.5 156 102.8 201.1-.4.2-.8.3-1.2.5-44.8 18.9-85 46-119.5 80.6a375.63 375.63 0 00-80.6 119.5A371.7 371.7 0 00136 901.8a8 8 0 008 8.2h60c4.4 0 7.9-3.5 8-7.8 2-77.2 33-149.5 87.8-204.3 56.7-56.7 132-87.9 212.2-87.9s155.5 31.2 212.2 87.9C779 752.7 810 825 812 902.2c.1 4.4 3.6 7.8 8 7.8h60a8 8 0 008-8.2c-1-47.8-10.9-94.3-29.5-138.2zM512 534c-45.9 0-89.1-17.9-121.6-50.4S340 407.9 340 362c0-45.9 17.9-89.1 50.4-121.6S466.1 190 512 190s89.1 17.9 121.6 50.4S684 316.1 684 362c0 45.9-17.9 89.1-50.4 121.6S557.9 534 512 534z"
                  />
                </svg>
              </span>
            </span>
            <input
              className="ant-input"
              id="signup_email"
              onBlur={[Function]}
              onChange={[Function]}
              onFocus={[Function]}
              onKeyDown={[Function]}
              placeholder="Input email"
              style={null}
              type="text"
              value=""
            />
          </span>
        </div>
      </div>
    </div>
  </div>
  <div
    className="ant-row ant-form-item"
    style={Object {}}
  >
    <div
      className="ant-col ant-form-item-control"
      style={Object {}}
    >
      <div
        className="ant-form-item-control-input"
      >
        <div
          className="ant-form-item-control-input-content"
        >
          <span
            className="ant-input-affix-wrapper ant-input-password"
            onMouseUp={[Function]}
          >
            <span
              className="ant-input-prefix"
            >
              <span
                aria-label="key"
                className="anticon anticon-key"
                role="img"
              >
                <svg
                  aria-hidden="true"
                  data-icon="key"
                  fill="currentColor"
                  focusable="false"
                  height="1em"
                  viewBox="64 64 896 896"
                  width="1em"
                >
                  <path
                    d="M608 112c-167.9 0-304 136.1-304 304 0 70.3 23.9 135 63.9 186.5l-41.1 41.1-62.3-62.3a8.15 8.15 0 00-11.4 0l-39.8 39.8a8.15 8.15 0 000 11.4l62.3 62.3-44.9 44.9-62.3-62.3a8.15 8.15 0 00-11.4 0l-39.8 39.8a8.15 8.15 0 000 11.4l62.3 62.3-65.3 65.3a8.03 8.03 0 000 11.3l42.3 42.3c3.1 3.1 8.2 3.1 11.3 0l253.6-253.6A304.06 304.06 0 00608 720c167.9 0 304-136.1 304-304S775.9 112 608 112zm161.2 465.2C726.2 620.3 668.9 644 608 644c-60.9 0-118.2-23.7-161.2-66.8-43.1-43-66.8-100.3-66.8-161.2 0-60.9 23.7-118.2 66.8-161.2 43-43.1 100.3-66.8 161.2-66.8 60.9 0 118.2 23.7 161.2 66.8 43.1 43 66.8 100.3 66.8 161.2 0 60.9-23.7 118.2-66.8 161.2z"
                  />
                </svg>
              </span>
            </span>
            <input
              action="click"
              className="ant-input"
              id="signup_password"
              onBlur={[Function]}
              onChange={[Function]}
              onFocus={[Function]}
              onKeyDown={[Function]}
              placeholder="Input password"
              style={null}
              type="password"
              value=""
            />
            <span
              className="ant-input-suffix"
            >
              <span
                aria-label="eye-invisible"
                className="anticon anticon-eye-invisible ant-input-password-icon"
                onClick={[Function]}
                onMouseDown={[Function]}
                onMouseUp={[Function]}
                role="img"
                tabIndex={-1}
              >
                <svg
                  aria-hidden="true"
                  data-icon="eye-invisible"
                  fill="currentColor"
                  focusable="false"
                  height="1em"
                  viewBox="64 64 896 896"
                  width="1em"
                >
                  <path
                    d="M942.2 486.2Q889.47 375.11 816.7 305l-50.88 50.88C807.31 395.53 843.45 447.4 874.7 512 791.5 684.2 673.4 766 512 766q-72.67 0-133.87-22.38L323 798.75Q408 838 512 838q288.3 0 430.2-300.3a60.29 60.29 0 000-51.5zm-63.57-320.64L836 122.88a8 8 0 00-11.32 0L715.31 232.2Q624.86 186 512 186q-288.3 0-430.2 300.3a60.3 60.3 0 000 51.5q56.69 119.4 136.5 191.41L112.48 835a8 8 0 000 11.31L155.17 889a8 8 0 0011.31 0l712.15-712.12a8 8 0 000-11.32zM149.3 512C232.6 339.8 350.7 258 512 258c54.54 0 104.13 9.36 149.12 28.39l-70.3 70.3a176 176 0 00-238.13 238.13l-83.42 83.42C223.1 637.49 183.3 582.28 149.3 512zm246.7 0a112.11 112.11 0 01146.2-106.69L401.31 546.2A112 112 0 01396 512z"
                  />
                  <path
                    d="M508 624c-3.46 0-6.87-.16-10.25-.47l-52.82 52.82a176.09 176.09 0 00227.42-227.42l-52.82 52.82c.31 3.38.47 6.79.47 10.25a111.94 111.94 0 01-112 112z"
                  />
                </svg>
              </span>
            </span>
          </span>
        </div>
      </div>
    </div>
  </div>
  <div
    className="ant-row ant-form-item"
    style={Object {}}
  >
    <div
      className="ant-col ant-form-item-control"
      style={Object {}}
    >
      <div
        className="ant-form-item-control-input"
      >
        <div
          className="ant-form-item-control-input-content"
        >
          <button
            className="ant-btn ant-btn-primary"
            onClick={[Function]}
            type="submit"
          >
            <span>
              Ð¡onfirm
            </span>
          </button>
        </div>
      </div>
    </div>
  </div>
</form>
`;
